// Jest Snapshot v1, https://goo.gl/fbAQLP

exports[`OneLevel show state options 1`] = `
<div>
  <label>
    province
    <select
      name="state"
      onChange={[Function]}
      value=""
    >
      <option
        value=""
      />
      <option
        value="Azuay___0000"
      >
        Azuay
      </option>
      <option
        value="Bolivar___0001"
      >
        Bolivar
      </option>
      <option
        value="Canar___0002"
      >
        Canar
      </option>
      <option
        value="Carchi___0003"
      >
        Carchi
      </option>
      <option
        value="Chimborazo___0004"
      >
        Chimborazo
      </option>
      <option
        value="Cotopaxi___0005"
      >
        Cotopaxi
      </option>
      <option
        value="El Oro___0006"
      >
        El Oro
      </option>
      <option
        value="Esmeraldas___0007"
      >
        Esmeraldas
      </option>
      <option
        value="Galapagos___0008"
      >
        Galapagos
      </option>
      <option
        value="Guayas___0009"
      >
        Guayas
      </option>
      <option
        value="Imbabura___0010"
      >
        Imbabura
      </option>
      <option
        value="Loja___0011"
      >
        Loja
      </option>
      <option
        value="Los Rios___0012"
      >
        Los Rios
      </option>
      <option
        value="Manabi___0013"
      >
        Manabi
      </option>
      <option
        value="Morona Santiago___0014"
      >
        Morona Santiago
      </option>
      <option
        value="Napo___0015"
      >
        Napo
      </option>
      <option
        value="Orellana___0016"
      >
        Orellana
      </option>
      <option
        value="Pastaza___0017"
      >
        Pastaza
      </option>
      <option
        value="Pichincha___0018"
      >
        Pichincha
      </option>
      <option
        value="Santa Elena___0019"
      >
        Santa Elena
      </option>
      <option
        value="Santo Domingo De Los Tsachilas___0020"
      >
        Santo Domingo De Los Tsachilas
      </option>
      <option
        value="Sucumbios___0021"
      >
        Sucumbios
      </option>
      <option
        value="Tungurahua___0022"
      >
        Tungurahua
      </option>
      <option
        value="Zamora Chinchipe___0023"
      >
        Zamora Chinchipe
      </option>
    </select>
  </label>
</div>
`;
