// Jest Snapshot v1, https://goo.gl/fbAQLP

exports[`OneLevel show state options 1`] = `
<div>
  <p
    className="input required text"
  >
    <label>
      province
    </label>
    <select
      name="state"
      onChange={[Function]}
      value=""
    >
      <option
        value=""
      />
      <option
        value="Azuay___0000"
      >
        Azuay
      </option>
      <option
        value="Bolivar___0001"
      >
        Bolivar
      </option>
    </select>
  </p>
</div>
`;
