// Jest Snapshot v1, https://goo.gl/fbAQLP

exports[`Postal Code show postal code 1`] = `
<p
  className="input required text"
>
  <label>
    CEP
  </label>
  <input
    className="input-small"
    name="postalCode"
    onBlur={[Function]}
    onChange={[Function]}
    type="text"
    value=""
  />
</p>
`;
