// Jest Snapshot v1, https://goo.gl/fbAQLP

exports[`AddressForm should omit fields that are used in to get the postal code 1`] = `
<div>
  <div>
    <label>
      street
      <input
        name="street"
        onBlur={[Function]}
        onChange={[Function]}
        type="text"
        value=""
      />
    </label>
  </div>
  <div>
    <label>
      number
      <input
        name="number"
        onBlur={[Function]}
        onChange={[Function]}
        type="text"
        value=""
      />
    </label>
  </div>
  <div>
    <label>
      complement
      <input
        name="complement"
        onBlur={[Function]}
        onChange={[Function]}
        type="text"
        value=""
      />
    </label>
  </div>
  <div>
    <label>
      neighborhood
      <input
        name="neighborhood"
        onBlur={[Function]}
        onChange={[Function]}
        type="text"
        value=""
      />
    </label>
  </div>
  <div>
    <label>
      city
      <input
        name="city"
        onBlur={[Function]}
        onChange={[Function]}
        type="text"
        value=""
      />
    </label>
  </div>
  <div>
    <label>
      state
      <select
        name="state"
        onChange={[Function]}
        value=""
      >
        <option
          value=""
        >
          UF
        </option>
        <option
          value="AC"
        >
          AC
        </option>
        <option
          value="AL"
        >
          AL
        </option>
        <option
          value="AM"
        >
          AM
        </option>
      </select>
    </label>
  </div>
</div>
`;
