// Jest Snapshot v1, https://goo.gl/fbAQLP

exports[`Postal Code Transforms should transform cities postal codes 1`] = `
Object {
  "StateName01": Array [
    Object {
      "postalCode": "1",
      "secondLevelName": "City01",
    },
    Object {
      "postalCode": "2",
      "secondLevelName": "City02",
    },
  ],
  "StateName02": Array [
    Object {
      "postalCode": "3",
      "secondLevelName": "City03",
    },
  ],
}
`;

exports[`Postal Code Transforms should transform neighborhoods postal codes 1`] = `
Object {
  "StateName01": Object {
    "City01": Array [
      Object {
        "postalCode": "1",
        "thirdLevelName": "Neighborhood1",
      },
      Object {
        "postalCode": "2",
        "thirdLevelName": "Neighborhood2",
      },
    ],
    "City02": Array [
      Object {
        "postalCode": "3",
        "thirdLevelName": "Neighborhood3",
      },
      Object {
        "postalCode": "4",
        "thirdLevelName": "Neighborhood4",
      },
    ],
  },
  "StateName02": Object {
    "City03": Array [
      Object {
        "postalCode": "5",
        "thirdLevelName": "Neighborhood5",
      },
    ],
  },
}
`;

exports[`Postal Code Transforms should transform state postal codes 1`] = `
Array [
  Object {
    "firstLevelName": "StateName01",
    "postalCode": "1",
  },
  Object {
    "firstLevelName": "StateName02",
    "postalCode": "2",
  },
]
`;
